cargo : warning: virtual workspace defaulting to `resolver = "1"` despite one or more workspace members being on 
edition 2021 which implies `resolver = "2"`
At line:1 char:1
+ cargo build --lib 2>&1 > build_output.txt ; Get-Content build_output. ...
+ ~~~~~~~~~~~~~~~~~~~~~~~~~~~~~~~~~~~~~~~~~
    + CategoryInfo          : NotSpecified: (warning: virtua...resolver = "2"`:String) [], RemoteException
    + FullyQualifiedErrorId : NativeCommandError
 
note: to keep the current resolver, specify `workspace.resolver = "1"` in the workspace root's manifest
note: to use the edition 2021 resolver, specify `workspace.resolver = "2"` in the workspace root's manifest
note: for more details see https://doc.rust-lang.org/cargo/reference/resolver.html#resolver-versions
   Compiling waffledb-core v0.1.0 (C:\Users\vyrgi\OneDrive\Documents\WaffleDB\waffledb-core)
warning: unused import: `HashSet`
  --> waffledb-core\src\indexing\bm25_index.rs:11:33
   |
11 | use std::collections::{HashMap, HashSet};
   |                                 ^^^^^^^
   |
   = note: `#[warn(unused_imports)]` on by default

warning: unused imports: `ErrorCode` and `WaffleError`
  --> waffledb-core\src\indexing\bm25_index.rs:12:35
   |
12 | use crate::core::errors::{Result, WaffleError, ErrorCode};
   |                                   ^^^^^^^^^^^  ^^^^^^^^^

warning: unused import: `crate::Result`
  --> waffledb-core\src\indexing\index_stats.rs:10:5
   |
10 | use crate::Result;
   |     ^^^^^^^^^^^^^

warning: unused import: `crate::vector::distance::DistanceMetric`
  --> waffledb-core\src\indexing\index_stats.rs:11:5
   |
11 | use crate::vector::distance::DistanceMetric;
   |     ^^^^^^^^^^^^^^^^^^^^^^^^^^^^^^^^^^^^^^^

warning: unused import: `HashSet`
  --> waffledb-core\src\search\hybrid_search.rs:17:33
   |
17 | use std::collections::{HashMap, HashSet};
   |                                 ^^^^^^^

warning: unused import: `crate::core::vector_type::VectorType`
  --> waffledb-core\src\search\hybrid_search.rs:18:5
   |
18 | use crate::core::vector_type::VectorType;
   |     ^^^^^^^^^^^^^^^^^^^^^^^^^^^^^^^^^^^^

warning: unused import: `crate::indexing::sparse_vector::SparseVector`
  --> waffledb-core\src\search\hybrid_search.rs:19:5
   |
19 | use crate::indexing::sparse_vector::SparseVector;
   |     ^^^^^^^^^^^^^^^^^^^^^^^^^^^^^^^^^^^^^^^^^^^^

warning: unused import: `crate::indexing::multi_vector::MultiVectorDocument`
  --> waffledb-core\src\search\hybrid_search.rs:21:5
   |
21 | use crate::indexing::multi_vector::MultiVectorDocument;
   |     ^^^^^^^^^^^^^^^^^^^^^^^^^^^^^^^^^^^^^^^^^^^^^^^^^^

warning: unused import: `HybridSearchResult`
  --> waffledb-core\src\search\hybrid_search_engine.rs:16:50
   |
16 | use crate::search::hybrid_search::{HybridSearch, HybridSearchResult, FusionWeights};
   |                                                  ^^^^^^^^^^^^^^^^^^

warning: unused import: `std::collections::HashMap`
 --> waffledb-core\src\storage\snapshot_repair.rs:9:5
  |
9 | use std::collections::HashMap;
  |     ^^^^^^^^^^^^^^^^^^^^^^^^^

warning: unused import: `Read`
  --> waffledb-core\src\storage\snapshot_repair.rs:11:15
   |
11 | use std::io::{Read, Write};
   |               ^^^^

warning: unused import: `HashMap`
  --> waffledb-core\src\compaction\compaction_manager.rs:13:24
   |
13 | use std::collections::{HashMap, VecDeque};
   |                        ^^^^^^^

warning: unused import: `crate::vector::types::Vector`
  --> waffledb-core\src\compaction\compaction_manager.rs:17:5
   |
17 | use crate::vector::types::Vector;
   |     ^^^^^^^^^^^^^^^^^^^^^^^^^^^^

warning: unused import: `crate::metadata::schema::Metadata`
  --> waffledb-core\src\compaction\compaction_manager.rs:18:5
   |
18 | use crate::metadata::schema::Metadata;
   |     ^^^^^^^^^^^^^^^^^^^^^^^^^^^^^^^^^

warning: unused import: `CompactionConfig`
  --> waffledb-core\src\compaction\scheduler.rs:17:44
   |
17 | use crate::compaction::{CompactionManager, CompactionConfig, CompactionStats};
   |                                            ^^^^^^^^^^^^^^^^

warning: unused import: `crate::buffer::write_buffer::WriteBuffer`
  --> waffledb-core\src\compaction\scheduler.rs:18:5
   |
18 | use crate::buffer::write_buffer::WriteBuffer;
   |     ^^^^^^^^^^^^^^^^^^^^^^^^^^^^^^^^^^^^^^^^

warning: unused imports: `BatchDeletePipeline`, `BatchDeleteRequest`, `BatchInsertPipeline`, 
`BatchInsertRequest`, `MemoryPool`, `OperationStatus`, and `WriteBuffer`
 --> waffledb-core\src\batch\batch_integration.rs:6:5
  |
6 |     BatchInsertPipeline, BatchDeletePipeline, BatchInsertRequest, BatchDeleteRequest,
  |     ^^^^^^^^^^^^^^^^^^^  ^^^^^^^^^^^^^^^^^^^  ^^^^^^^^^^^^^^^^^^  ^^^^^^^^^^^^^^^^^^
7 |     WriteBuffer, MemoryPool, OperationStatus,
  |     ^^^^^^^^^^^  ^^^^^^^^^^  ^^^^^^^^^^^^^^^

warning: unused imports: `BatchShardRouter` and `HashShardingStrategy`
 --> waffledb-core\src\batch\batch_integration.rs:9:34
  |
9 | use crate::batch::shard_router::{BatchShardRouter, HashShardingStrategy};
  |                                  ^^^^^^^^^^^^^^^^  ^^^^^^^^^^^^^^^^^^^^

warning: unused import: `std::sync::Arc`
  --> waffledb-core\src\batch\batch_integration.rs:10:5
   |
10 | use std::sync::Arc;
   |     ^^^^^^^^^^^^^^

warning: unused import: `std::collections::HashMap`
 --> waffledb-core\src\distributed\sharding.rs:6:5
  |
6 | use std::collections::HashMap;
  |     ^^^^^^^^^^^^^^^^^^^^^^^^^

warning: unused import: `DistributedNode`
 --> waffledb-core\src\distributed\coordinator.rs:9:32
  |
9 | use crate::distributed::node::{DistributedNode, NodeConfig};
  |                                ^^^^^^^^^^^^^^^

warning: unused imports: `ErrorCode` and `WaffleError`
 --> waffledb-core\src\distributed\query_router.rs:6:35
  |
6 | use crate::core::errors::{Result, WaffleError, ErrorCode};
  |                                   ^^^^^^^^^^^  ^^^^^^^^^

warning: unused imports: `SystemTime` and `UNIX_EPOCH`
 --> waffledb-core\src\distributed\raft.rs:6:17
  |
6 | use std::time::{SystemTime, UNIX_EPOCH};
  |                 ^^^^^^^^^^  ^^^^^^^^^^

warning: unused import: `Duration`
  --> waffledb-core\src\distributed\cluster.rs:11:26
   |
11 | use std::time::{Instant, Duration};
   |                          ^^^^^^^^

warning: unnecessary parentheses around assigned value
   --> waffledb-core\src\distributed\consistent_hash.rs:102:21
    |
102 |             range = ((range as u64 * 2654435761 % 2u64.pow(32)) as i64);
    |                     ^                                                 ^
    |
    = note: `#[warn(unused_parens)]` on by default
help: remove these parentheses
    |
102 -             range = ((range as u64 * 2654435761 % 2u64.pow(32)) as i64);
102 +             range = (range as u64 * 2654435761 % 2u64.pow(32)) as i64;
    |

warning: unused import: `std::collections::HashMap`
 --> waffledb-core\src\distributed\rpc.rs:6:5
  |
6 | use std::collections::HashMap;
  |     ^^^^^^^^^^^^^^^^^^^^^^^^^

warning: unused import: `crate::vector::distance::DistanceMetric`
 --> waffledb-core\src\observability\stats_collector.rs:8:5
  |
8 | use crate::vector::distance::DistanceMetric;
  |     ^^^^^^^^^^^^^^^^^^^^^^^^^^^^^^^^^^^^^^^

warning: unused import: `Counter`
  --> waffledb-core\src\observability\telemetry.rs:16:89
   |
16 |     use prometheus::{Counter as PromCounter, Histogram as PromHistogram, HistogramOpts, Counter, Registry, 
Gauge as PromGauge};
   |                                                                                         ^^^^^^^

warning: variable does not need to be mutable
   --> waffledb-core\src\distributed\raft.rs:305:13
    |
305 |         let mut new_state = RaftLeaderState {
    |             ----^^^^^^^^^
    |             |
    |             help: remove this `mut`
    |
    = note: `#[warn(unused_mut)]` on by default

error[E0308]: mismatched types
   --> waffledb-core\src\distributed\snapshot_integration.rs:386:17
    |
345 | /         match operation {
346 | |             Operation::Insert { doc_id, vector, metadata } => {
347 | |                 // Compute operation hash for deduplication
348 | |                 let op_hash = hash_operation(&doc_id, entry.index);
...   |
386 | |                 Ok(())
    | |                 ^^^^^^ expected `()`, found `Result<(), _>`
...   |
506 | |         }
    | |_________- expected this to be `()`
    |
    = note: expected unit type `()`
                    found enum `std::result::Result<(), _>`
help: you might have meant to return this value
    |
386 |                 return Ok(())
    |                 ++++++

error[E0308]: mismatched types
   --> waffledb-core\src\distributed\snapshot_integration.rs:410:17
    |
345 | /         match operation {
346 | |             Operation::Insert { doc_id, vector, metadata } => {
347 | |                 // Compute operation hash for deduplication
348 | |                 let op_hash = hash_operation(&doc_id, entry.index);
...   |
410 | |                 Ok(())
    | |                 ^^^^^^ expected `()`, found `Result<(), _>`
...   |
506 | |         }
    | |_________- expected this to be `()`
    |
    = note: expected unit type `()`
                    found enum `std::result::Result<(), _>`
help: you might have meant to return this value
    |
410 |                 return Ok(())
    |                 ++++++

error[E0308]: mismatched types
   --> waffledb-core\src\distributed\snapshot_integration.rs:437:17
    |
345 | /         match operation {
346 | |             Operation::Insert { doc_id, vector, metadata } => {
347 | |                 // Compute operation hash for deduplication
348 | |                 let op_hash = hash_operation(&doc_id, entry.index);
...   |
437 | |                 Ok(())
    | |                 ^^^^^^ expected `()`, found `Result<(), _>`
...   |
506 | |         }
    | |_________- expected this to be `()`
    |
    = note: expected unit type `()`
                    found enum `std::result::Result<(), _>`
help: you might have meant to return this value
    |
437 |                 return Ok(())
    |                 ++++++

error[E0308]: mismatched types
   --> waffledb-core\src\distributed\snapshot_integration.rs:453:17
    |
345 | /         match operation {
346 | |             Operation::Insert { doc_id, vector, metadata } => {
347 | |                 // Compute operation hash for deduplication
348 | |                 let op_hash = hash_operation(&doc_id, entry.index);
...   |
453 | |                 Ok(())
    | |                 ^^^^^^ expected `()`, found `Result<(), _>`
...   |
506 | |         }
    | |_________- expected this to be `()`
    |
    = note: expected unit type `()`
                    found enum `std::result::Result<(), _>`
help: you might have meant to return this value
    |
453 |                 return Ok(())
    |                 ++++++

error[E0308]: mismatched types
   --> waffledb-core\src\distributed\snapshot_integration.rs:504:17
    |
345 | /         match operation {
346 | |             Operation::Insert { doc_id, vector, metadata } => {
347 | |                 // Compute operation hash for deduplication
348 | |                 let op_hash = hash_operation(&doc_id, entry.index);
...   |
504 | |                 Ok(())
    | |                 ^^^^^^ expected `()`, found `Result<(), _>`
505 | |             }
506 | |         }
    | |_________- expected this to be `()`
    |
    = note: expected unit type `()`
                    found enum `std::result::Result<(), _>`
help: you might have meant to return this value
    |
504 |                 return Ok(())
    |                 ++++++

error[E0277]: `?` couldn't convert the error to `WaffleError`
   --> waffledb-core\src\distributed\snapshot_integration.rs:526:77
    |
526 |         let _operation: Operation = serde_json::from_slice(&entry.operation)?;
    |                                     ----------------------------------------^ the trait 
`std::convert::From<serde_json::Error>` is not implemented for `WaffleError`
    |                                     |
    |                                     this can't be annotated with `?` because it has type `Result<_, 
serde_json::Error>`
    |
note: `WaffleError` needs to implement `From<serde_json::Error>`
   --> waffledb-core\src\core\errors.rs:85:1
    |
85  | pub enum WaffleError {
    | ^^^^^^^^^^^^^^^^^^^^
    = note: the question mark operation (`?`) implicitly performs a conversion on the error value using the 
`From` trait

warning: unused import: `std::hash::Hash`
 --> waffledb-core\src\storage\snapshot.rs:4:5
  |
4 | use std::hash::Hash;
  |     ^^^^^^^^^^^^^^^

warning: unused import: `Read`
  --> waffledb-core\src\storage\incremental_snapshots.rs:11:15
   |
11 | use std::io::{Read, Write};
   |               ^^^^

warning: value assigned to `union` is never read
   --> waffledb-core\src\indexing\sparse_vector.rs:164:17
    |
164 |         let mut union = 0;
    |                 ^^^^^
    |
    = help: maybe it is overwritten before being read?
    = note: `#[warn(unused_assignments)]` on by default

warning: unused variable: `dim`
   --> waffledb-core\src\indexing\sparse_vector.rs:170:13
    |
170 |         for dim in a_dims.intersection(&b_dims) {
    |             ^^^ help: if this is intentional, prefix it with an underscore: `_dim`
    |
    = note: `#[warn(unused_variables)]` on by default

warning: unused variable: `distance`
   --> waffledb-core\src\hnsw_merge.rs:186:17
    |
186 |             let distance = metric.distance(&existing_vec.data, &new_vec.data);
    |                 ^^^^^^^^ help: if this is intentional, prefix it with an underscore: `_distance`

warning: unused variable: `parent_timestamp`
   --> waffledb-core\src\storage\snapshot.rs:154:9
    |
154 |         parent_timestamp: u64,
    |         ^^^^^^^^^^^^^^^^ help: if this is intentional, prefix it with an underscore: `_parent_timestamp`

warning: unused variable: `collection_id`
   --> waffledb-core\src\batch\shard_router.rs:102:33
    |
102 |     pub fn route_inserts(&self, collection_id: &str, vector_ids: &[String]) -> Vec<ShardRoute> {
    |                                 ^^^^^^^^^^^^^ help: if this is intentional, prefix it with an underscore: 
`_collection_id`

warning: unused variable: `key`
   --> waffledb-core\src\metadata\btree_index.rs:186:22
    |
186 |                 for (key, bitmap) in map.range(start.to_string()..=end.to_string()) {
    |                      ^^^ help: if this is intentional, prefix it with an underscore: `_key`

warning: unused variable: `key`
   --> waffledb-core\src\metadata\btree_index.rs:221:22
    |
221 |                 for (key, bitmap) in map.range(..value.to_string()) {
    |                      ^^^ help: if this is intentional, prefix it with an underscore: `_key`

warning: unused variable: `key`
   --> waffledb-core\src\metadata\btree_index.rs:255:22
    |
255 |                 for (key, bitmap) in map.range((std::ops::Bound::Excluded(value.to_string()), 
std::ops::Bound::Unbounded)) {
    |                      ^^^ help: if this is intentional, prefix it with an underscore: `_key`

warning: unused variable: `quota`
   --> waffledb-core\src\multitenancy\isolation.rs:317:76
    |
317 |     pub fn create_collection(&mut self, tenant_id: &str, collection: &str, quota: u64) -> Result<()> {
    |                                                                            ^^^^^ help: if this is 
intentional, prefix it with an underscore: `_quota`

Some errors have detailed explanations: E0277, E0308.
For more information about an error, try `rustc --explain E0277`.
warning: `waffledb-core` (lib) generated 40 warnings
error: could not compile `waffledb-core` (lib) due to 6 previous errors; 40 warnings emitted
